[    1256ms] [VERBOSE] [DOM] Password field is not contained in a form: (More info: https://goo.gl/9p2vKq) %o @ https://stax-delta.vercel.app/login:0
[   46428ms] [WARNING] The width(0) and height(0) of chart should be greater than 0,
       please check the style of container, or the props width(100%) and height(100%),
       or add a minWidth(0) or minHeight(undefined) or use aspect(undefined) to control the
       height and width. @ https://stax-delta.vercel.app/assets/BarChart-CqmxTUlM.js:1
[   46429ms] [WARNING] The width(0) and height(0) of chart should be greater than 0,
       please check the style of container, or the props width(100%) and height(100%),
       or add a minWidth(0) or minHeight(undefined) or use aspect(undefined) to control the
       height and width. @ https://stax-delta.vercel.app/assets/BarChart-CqmxTUlM.js:1
[   46429ms] [WARNING] The width(0) and height(0) of chart should be greater than 0,
       please check the style of container, or the props width(100%) and height(100%),
       or add a minWidth(0) or minHeight(undefined) or use aspect(undefined) to control the
       height and width. @ https://stax-delta.vercel.app/assets/BarChart-CqmxTUlM.js:1
[   64196ms] [WARNING] The width(0) and height(0) of chart should be greater than 0,
       please check the style of container, or the props width(100%) and height(100%),
       or add a minWidth(0) or minHeight(undefined) or use aspect(undefined) to control the
       height and width. @ https://stax-delta.vercel.app/assets/BarChart-CqmxTUlM.js:1
[   64197ms] [WARNING] The width(0) and height(0) of chart should be greater than 0,
       please check the style of container, or the props width(100%) and height(100%),
       or add a minWidth(0) or minHeight(undefined) or use aspect(undefined) to control the
       height and width. @ https://stax-delta.vercel.app/assets/BarChart-CqmxTUlM.js:1
[   64197ms] [WARNING] The width(0) and height(0) of chart should be greater than 0,
       please check the style of container, or the props width(100%) and height(100%),
       or add a minWidth(0) or minHeight(undefined) or use aspect(undefined) to control the
       height and width. @ https://stax-delta.vercel.app/assets/BarChart-CqmxTUlM.js:1
[   64220ms] [WARNING] The width(0) and height(0) of chart should be greater than 0,
       please check the style of container, or the props width(100%) and height(100%),
       or add a minWidth(0) or minHeight(undefined) or use aspect(undefined) to control the
       height and width. @ https://stax-delta.vercel.app/assets/BarChart-CqmxTUlM.js:1
[   64221ms] [WARNING] The width(0) and height(0) of chart should be greater than 0,
       please check the style of container, or the props width(100%) and height(100%),
       or add a minWidth(0) or minHeight(undefined) or use aspect(undefined) to control the
       height and width. @ https://stax-delta.vercel.app/assets/BarChart-CqmxTUlM.js:1
[   64221ms] [WARNING] The width(0) and height(0) of chart should be greater than 0,
       please check the style of container, or the props width(100%) and height(100%),
       or add a minWidth(0) or minHeight(undefined) or use aspect(undefined) to control the
       height and width. @ https://stax-delta.vercel.app/assets/BarChart-CqmxTUlM.js:1
[   79084ms] [WARNING] The width(0) and height(0) of chart should be greater than 0,
       please check the style of container, or the props width(100%) and height(100%),
       or add a minWidth(0) or minHeight(undefined) or use aspect(undefined) to control the
       height and width. @ https://stax-delta.vercel.app/assets/BarChart-CqmxTUlM.js:1
[   79085ms] [WARNING] The width(0) and height(0) of chart should be greater than 0,
       please check the style of container, or the props width(100%) and height(100%),
       or add a minWidth(0) or minHeight(undefined) or use aspect(undefined) to control the
       height and width. @ https://stax-delta.vercel.app/assets/BarChart-CqmxTUlM.js:1
[   79085ms] [WARNING] The width(0) and height(0) of chart should be greater than 0,
       please check the style of container, or the props width(100%) and height(100%),
       or add a minWidth(0) or minHeight(undefined) or use aspect(undefined) to control the
       height and width. @ https://stax-delta.vercel.app/assets/BarChart-CqmxTUlM.js:1
[   79163ms] [WARNING] The width(0) and height(0) of chart should be greater than 0,
       please check the style of container, or the props width(100%) and height(100%),
       or add a minWidth(0) or minHeight(undefined) or use aspect(undefined) to control the
       height and width. @ https://stax-delta.vercel.app/assets/BarChart-CqmxTUlM.js:1
[   79165ms] [WARNING] The width(0) and height(0) of chart should be greater than 0,
       please check the style of container, or the props width(100%) and height(100%),
       or add a minWidth(0) or minHeight(undefined) or use aspect(undefined) to control the
       height and width. @ https://stax-delta.vercel.app/assets/BarChart-CqmxTUlM.js:1
[   79165ms] [WARNING] The width(0) and height(0) of chart should be greater than 0,
       please check the style of container, or the props width(100%) and height(100%),
       or add a minWidth(0) or minHeight(undefined) or use aspect(undefined) to control the
       height and width. @ https://stax-delta.vercel.app/assets/BarChart-CqmxTUlM.js:1
[   99333ms] [WARNING] The width(0) and height(0) of chart should be greater than 0,
       please check the style of container, or the props width(100%) and height(100%),
       or add a minWidth(0) or minHeight(undefined) or use aspect(undefined) to control the
       height and width. @ https://stax-delta.vercel.app/assets/BarChart-CqmxTUlM.js:1
[   99334ms] [WARNING] The width(0) and height(0) of chart should be greater than 0,
       please check the style of container, or the props width(100%) and height(100%),
       or add a minWidth(0) or minHeight(undefined) or use aspect(undefined) to control the
       height and width. @ https://stax-delta.vercel.app/assets/BarChart-CqmxTUlM.js:1
[   99335ms] [WARNING] The width(0) and height(0) of chart should be greater than 0,
       please check the style of container, or the props width(100%) and height(100%),
       or add a minWidth(0) or minHeight(undefined) or use aspect(undefined) to control the
       height and width. @ https://stax-delta.vercel.app/assets/BarChart-CqmxTUlM.js:1
[  112079ms] [WARNING] The width(0) and height(0) of chart should be greater than 0,
       please check the style of container, or the props width(100%) and height(100%),
       or add a minWidth(0) or minHeight(undefined) or use aspect(undefined) to control the
       height and width. @ https://stax-delta.vercel.app/assets/BarChart-CqmxTUlM.js:1
[  112081ms] [WARNING] The width(0) and height(0) of chart should be greater than 0,
       please check the style of container, or the props width(100%) and height(100%),
       or add a minWidth(0) or minHeight(undefined) or use aspect(undefined) to control the
       height and width. @ https://stax-delta.vercel.app/assets/BarChart-CqmxTUlM.js:1
[  112082ms] [WARNING] The width(0) and height(0) of chart should be greater than 0,
       please check the style of container, or the props width(100%) and height(100%),
       or add a minWidth(0) or minHeight(undefined) or use aspect(undefined) to control the
       height and width. @ https://stax-delta.vercel.app/assets/BarChart-CqmxTUlM.js:1
[  112183ms] [WARNING] The width(0) and height(0) of chart should be greater than 0,
       please check the style of container, or the props width(100%) and height(100%),
       or add a minWidth(0) or minHeight(undefined) or use aspect(undefined) to control the
       height and width. @ https://stax-delta.vercel.app/assets/BarChart-CqmxTUlM.js:1
[  112185ms] [WARNING] The width(0) and height(0) of chart should be greater than 0,
       please check the style of container, or the props width(100%) and height(100%),
       or add a minWidth(0) or minHeight(undefined) or use aspect(undefined) to control the
       height and width. @ https://stax-delta.vercel.app/assets/BarChart-CqmxTUlM.js:1
[  112185ms] [WARNING] The width(0) and height(0) of chart should be greater than 0,
       please check the style of container, or the props width(100%) and height(100%),
       or add a minWidth(0) or minHeight(undefined) or use aspect(undefined) to control the
       height and width. @ https://stax-delta.vercel.app/assets/BarChart-CqmxTUlM.js:1
[  131014ms] [WARNING] The width(0) and height(0) of chart should be greater than 0,
       please check the style of container, or the props width(100%) and height(100%),
       or add a minWidth(0) or minHeight(undefined) or use aspect(undefined) to control the
       height and width. @ https://stax-delta.vercel.app/assets/BarChart-CqmxTUlM.js:1
[  131015ms] [WARNING] The width(0) and height(0) of chart should be greater than 0,
       please check the style of container, or the props width(100%) and height(100%),
       or add a minWidth(0) or minHeight(undefined) or use aspect(undefined) to control the
       height and width. @ https://stax-delta.vercel.app/assets/BarChart-CqmxTUlM.js:1
[  131015ms] [WARNING] The width(0) and height(0) of chart should be greater than 0,
       please check the style of container, or the props width(100%) and height(100%),
       or add a minWidth(0) or minHeight(undefined) or use aspect(undefined) to control the
       height and width. @ https://stax-delta.vercel.app/assets/BarChart-CqmxTUlM.js:1
[  131064ms] [WARNING] The width(0) and height(0) of chart should be greater than 0,
       please check the style of container, or the props width(100%) and height(100%),
       or add a minWidth(0) or minHeight(undefined) or use aspect(undefined) to control the
       height and width. @ https://stax-delta.vercel.app/assets/BarChart-CqmxTUlM.js:1
[  131065ms] [WARNING] The width(0) and height(0) of chart should be greater than 0,
       please check the style of container, or the props width(100%) and height(100%),
       or add a minWidth(0) or minHeight(undefined) or use aspect(undefined) to control the
       height and width. @ https://stax-delta.vercel.app/assets/BarChart-CqmxTUlM.js:1
[  131066ms] [WARNING] The width(0) and height(0) of chart should be greater than 0,
       please check the style of container, or the props width(100%) and height(100%),
       or add a minWidth(0) or minHeight(undefined) or use aspect(undefined) to control the
       height and width. @ https://stax-delta.vercel.app/assets/BarChart-CqmxTUlM.js:1
[  167159ms] [WARNING] The width(0) and height(0) of chart should be greater than 0,
       please check the style of container, or the props width(100%) and height(100%),
       or add a minWidth(0) or minHeight(undefined) or use aspect(undefined) to control the
       height and width. @ https://stax-delta.vercel.app/assets/BarChart-CqmxTUlM.js:1
[  167159ms] [WARNING] The width(0) and height(0) of chart should be greater than 0,
       please check the style of container, or the props width(100%) and height(100%),
       or add a minWidth(0) or minHeight(undefined) or use aspect(undefined) to control the
       height and width. @ https://stax-delta.vercel.app/assets/BarChart-CqmxTUlM.js:1
[  167159ms] [WARNING] The width(0) and height(0) of chart should be greater than 0,
       please check the style of container, or the props width(100%) and height(100%),
       or add a minWidth(0) or minHeight(undefined) or use aspect(undefined) to control the
       height and width. @ https://stax-delta.vercel.app/assets/BarChart-CqmxTUlM.js:1
[  167193ms] [WARNING] The width(0) and height(0) of chart should be greater than 0,
       please check the style of container, or the props width(100%) and height(100%),
       or add a minWidth(0) or minHeight(undefined) or use aspect(undefined) to control the
       height and width. @ https://stax-delta.vercel.app/assets/BarChart-CqmxTUlM.js:1
[  167194ms] [WARNING] The width(0) and height(0) of chart should be greater than 0,
       please check the style of container, or the props width(100%) and height(100%),
       or add a minWidth(0) or minHeight(undefined) or use aspect(undefined) to control the
       height and width. @ https://stax-delta.vercel.app/assets/BarChart-CqmxTUlM.js:1
[  167194ms] [WARNING] The width(0) and height(0) of chart should be greater than 0,
       please check the style of container, or the props width(100%) and height(100%),
       or add a minWidth(0) or minHeight(undefined) or use aspect(undefined) to control the
       height and width. @ https://stax-delta.vercel.app/assets/BarChart-CqmxTUlM.js:1
[  179198ms] [WARNING] The width(0) and height(0) of chart should be greater than 0,
       please check the style of container, or the props width(100%) and height(100%),
       or add a minWidth(0) or minHeight(undefined) or use aspect(undefined) to control the
       height and width. @ https://stax-delta.vercel.app/assets/BarChart-CqmxTUlM.js:1
[  179198ms] [WARNING] The width(0) and height(0) of chart should be greater than 0,
       please check the style of container, or the props width(100%) and height(100%),
       or add a minWidth(0) or minHeight(undefined) or use aspect(undefined) to control the
       height and width. @ https://stax-delta.vercel.app/assets/BarChart-CqmxTUlM.js:1
[  179198ms] [WARNING] The width(0) and height(0) of chart should be greater than 0,
       please check the style of container, or the props width(100%) and height(100%),
       or add a minWidth(0) or minHeight(undefined) or use aspect(undefined) to control the
       height and width. @ https://stax-delta.vercel.app/assets/BarChart-CqmxTUlM.js:1
[  179235ms] [WARNING] The width(0) and height(0) of chart should be greater than 0,
       please check the style of container, or the props width(100%) and height(100%),
       or add a minWidth(0) or minHeight(undefined) or use aspect(undefined) to control the
       height and width. @ https://stax-delta.vercel.app/assets/BarChart-CqmxTUlM.js:1
[  179236ms] [WARNING] The width(0) and height(0) of chart should be greater than 0,
       please check the style of container, or the props width(100%) and height(100%),
       or add a minWidth(0) or minHeight(undefined) or use aspect(undefined) to control the
       height and width. @ https://stax-delta.vercel.app/assets/BarChart-CqmxTUlM.js:1
[  179236ms] [WARNING] The width(0) and height(0) of chart should be greater than 0,
       please check the style of container, or the props width(100%) and height(100%),
       or add a minWidth(0) or minHeight(undefined) or use aspect(undefined) to control the
       height and width. @ https://stax-delta.vercel.app/assets/BarChart-CqmxTUlM.js:1
